
Running 75 tests using 1 worker

(node:74052) Warning: The 'NO_COLOR' env is ignored due to the 'FORCE_COLOR' env being set.
(Use `node --trace-warnings ...` to show where the warning was created)
  ok  1 [chromium] › tests\e2e\agent.spec.ts:14:5 › 游客保存本地配置，直连端点并在流结束前看到回答与可点击引用 (2.3s)
  ok  2 [chromium] › tests\e2e\agent.spec.ts:82:5 › 视角页生成有序跨词条阅读路径，引用可跳到视角且未知编号不变为链接 (985ms)
  ok  3 [chromium] › tests\e2e\agent.spec.ts:108:5 › 模型错误和非 SSE 响应可重试，同源端点不能保存密钥 (1.3s)
  ok  4 [chromium] › tests\e2e\auth.spec.ts:9:7 › 游客（未登录） › 页头显示登录/注册入口，浏览不受限 (279ms)
  ok  5 [chromium] › tests\e2e\auth.spec.ts:23:7 › 编者账号全流程 › 注册 → 登出 → 再登录，会话持久 (1.0s)
  ok  6 [chromium] › tests\e2e\auth.spec.ts:57:7 › 编者账号全流程 › 错误密码登录显示错误提示 (371ms)
  ok  7 [chromium] › tests\e2e\browse.spec.ts:5:5 › 词条页：通俗视角全文置顶 + 视角列表折叠展开 + 信息框 (533ms)
  ok  8 [chromium] › tests\e2e\browse.spec.ts:22:5 › 全流程：词条 → 视角 → 双链落词条枢纽；红链可见 (719ms)
  ok  9 [chromium] › tests\e2e\browse.spec.ts:41:5 › 诠释者页：信息框 + 全部视角索引 (540ms)
  ok 10 [chromium] › tests\e2e\browse.spec.ts:55:5 › 仅凭 id 亦可解析：/term/<id> 重定向到规范路径 (428ms)
  ok 11 [chromium] › tests\e2e\discussion.spec.ts:33:5 › 游客只读讨论区；管理员开楼并一层回复 (1.8s)
  x  12 [chromium] › tests\e2e\discussion.spec.ts:92:5 › 视角页一键带锚点开楼；锚点可点击跳回该视角 (5.3s)
(node:11508) Warning: The 'NO_COLOR' env is ignored due to the 'FORCE_COLOR' env being set.
(Use `node --trace-warnings ...` to show where the warning was created)
  ok 13 [chromium] › tests\e2e\editor.spec.ts:14:5 › 正文工具栏、实时预览与本地草稿 (1.9s)
  ok 14 [chromium] › tests\e2e\editor.spec.ts:31:5 › [[ 补全已有词条与红链，预览精确视角并过滤不安全 HTML (1.2s)
  ok 15 [chromium] › tests\e2e\editor.spec.ts:49:5 › 新建视角即时拒绝重复组合，换选后仍可提交审核 (690ms)
  x  16 [chromium] › tests\e2e\editor.spec.ts:62:5 › 补全闭合新双链并保留后续普通竖线文本 (5.3s)
(node:117132) Warning: The 'NO_COLOR' env is ignored due to the 'FORCE_COLOR' env being set.
(Use `node --trace-warnings ...` to show where the warning was created)
  x  17 [chromium] › tests\e2e\editor.spec.ts:78:7 › 移动端编辑 › 窄屏可触摸补全、使用工具栏、预览长文本并提交 (7.2s)
(node:33864) Warning: The 'NO_COLOR' env is ignored due to the 'FORCE_COLOR' env being set.
(Use `node --trace-warnings ...` to show where the warning was created)
  ok 18 [chromium] › tests\e2e\graph-tooltip.spec.ts:68:5 › 全站图谱：历史特殊名称按文本显示，悬停无注入且点击仍进入词条 (1.6s)
  ok 19 [chromium] › tests\e2e\graph-tooltip.spec.ts:91:5 › 局部图谱：历史特殊名称按文本显示，悬停无注入且点击仍进入词条 (571ms)
  ok 20 [chromium] › tests\e2e\graph.spec.ts:6:5 › 全站图谱页：画布渲染、学派图例、缩放拖拽冒烟 (1.1s)
  ok 21 [chromium] › tests\e2e\graph.spec.ts:31:5 › 全站图谱：搜索定位节点后点击画布中心进入词条页 (1.3s)
  ok 22 [chromium] › tests\e2e\graph.spec.ts:50:5 › 词条页局部图谱：邻居网络、跳数切换、邻居链接跳转 (740ms)
  ok 23 [chromium] › tests\e2e\graph.spec.ts:71:5 › 只读端点返回节点/边/学派图例数据 (71ms)
  ok 24 [chromium] › tests\e2e\history.spec.ts:14:5 › 历史选择任意修订并高亮行内差异，回滚更新正文，删除与恢复控制读者可见性 (2.6s)
  ok 25 [chromium] › tests\e2e\home.spec.ts:4:5 › 首页以搜索为中心，提供编辑陈列和可用的三轴入口 (622ms)
  ok 26 [chromium] › tests\e2e\home.spec.ts:28:5 › 登录首页使用账号兴趣推荐，未设置兴趣时引导选择 (1.1s)
  ok 27 [chromium] › tests\e2e\home.spec.ts:51:5 › /healthz 返回 PG 连接状态（经真实起动的应用） (9ms)
  ok 28 [chromium] › tests\e2e\interests.spec.ts:28:5 › 游客单选学派使成员视角与相关词条即时参与发现，刷新保留 (892ms)
  ok 29 [chromium] › tests\e2e\interests.spec.ts:40:5 › 游客主题、三类组合、跨标签页修改保持同步，与账号结果一致且访客之间隔离 (3.2s)
  ok 30 [chromium] › tests\e2e\interests.spec.ts:78:5 › 游客同页通知、清空、坏数据、失效 id 与请求失败均回退默认结果并保留选择 (1.4s)
  ok 31 [chromium] › tests\e2e\interests.spec.ts:126:5 › 浏览器拒绝 localStorage 时仍可阅读并保留本页选择 (626ms)
  ok 32 [chromium] › tests\e2e\interests.spec.ts:138:5 › 游客：选择兴趣即存本浏览器，词条页视角按兴趣重排 (902ms)
  x  33 [chromium] › tests\e2e\interests.spec.ts:173:5 › 登录：兴趣保存到账号并跨页持久，词条页视角按兴趣重排 (5.7s)
(node:141872) Warning: The 'NO_COLOR' env is ignored due to the 'FORCE_COLOR' env being set.
(Use `node --trace-warnings ...` to show where the warning was created)
  ok 34 [chromium] › tests\e2e\mobile.spec.ts:17:5 › 375px：搜索提交、词条阅读、图谱定位与讨论发言可用 (2.8s)
  ok 35 [chromium] › tests\e2e\navigate.spec.ts:5:5 › 词条页反链面板：列出引用本页的视角，可点进视角页 (574ms)
  ok 36 [chromium] › tests\e2e\navigate.spec.ts:20:5 › 显式视角链接：[[词条|视角@诠释者]] 直落视角页；视角页也有反链面板 (706ms)
  ok 37 [chromium] › tests\e2e\navigate.spec.ts:37:5 › 显式视角语法未命中：红链提示视角尚未创建、不可点击 (531ms)
  ok 38 [chromium] › tests\e2e\navigate.spec.ts:47:5 › 消歧义分流：[[价值]] 落消歧义页，再分流到括号限定词条 (761ms)
  ok 39 [chromium] › tests\e2e\perspective-parents.spec.ts:12:7 › term 失效的系统理由、原提案与通知在编者历史可读；恢复不复活旧提交 (739ms)
  ok 40 [chromium] › tests\e2e\perspective-parents.spec.ts:12:7 › interpreter 失效的系统理由、原提案与通知在编者历史可读；恢复不复活旧提交 (732ms)
  ok 41 [chromium] › tests\e2e\pin.spec.ts:22:5 › 游客看不到置顶开关；管理员置顶后列表重排，取消后恢复 (1.2s)
  x  42 [chromium] › tests\e2e\production.spec.ts:5:5 › 编者用词条骨架向导填写信息框与通俗解读并提交审核 (5.3s)
(node:50440) Warning: The 'NO_COLOR' env is ignored due to the 'FORCE_COLOR' env being set.
(Use `node --trace-warnings ...` to show where the warning was created)
  x  43 [chromium] › tests\e2e\production.spec.ts:35:5 › 管理员从向导进入 JSON 导入后可打开新词条阅读编委会视角 (5.4s)
(node:61544) Warning: The 'NO_COLOR' env is ignored due to the 'FORCE_COLOR' env being set.
(Use `node --trace-warnings ...` to show where the warning was created)
  ok 44 [chromium] › tests\e2e\profile.spec.ts:43:5 › 游客访问个人主页先登录 (324ms)
  ok 45 [chromium] › tests\e2e\profile.spec.ts:49:5 › 个人主页只显示自己的提交，新词条差异含标题与简介且不向其他编者公开 (878ms)
  ok 46 [chromium] › tests\e2e\profile.spec.ts:93:5 › 受理与驳回通知保留理由原文，未读数与已读状态持久，提交历史可按状态筛选 (1.3s)
  x  47 [chromium] › tests\e2e\profile.spec.ts:160:5 › 页面后续修订不改变我的提交差异，起始修订过期的自动驳回也通知提交者 (117ms)
(node:5028) Warning: The 'NO_COLOR' env is ignored due to the 'FORCE_COLOR' env being set.
(Use `node --trace-warnings ...` to show where the warning was created)
  ok 48 [chromium] › tests\e2e\reconcile-links.spec.ts:32:5 › 存量校对保留真实改名前目标、清除代码假链，公开历史与重复报告稳定 (2.9s)
  ok 49 [chromium] › tests\e2e\reconcile-links.spec.ts:102:5 › 校对逐页报告锁冲突和不存在的页面，成功项继续处理，故障解除后可按 id 重试 (6.2s)
  x  50 [chromium] › tests\e2e\resubmission.spec.ts:6:5 › 驳回词条从详情完整预填、网络失败保留独立草稿、重提两票公开 (2.0m)
(node:16172) Warning: The 'NO_COLOR' env is ignored due to the 'FORCE_COLOR' env being set.
(Use `node --trace-warnings ...` to show where the warning was created)
  ok 51 [chromium] › tests\e2e\resubmission.spec.ts:80:5 › 词条和视角过期提案需人工整理，校验失败与目标删除仍保留草稿，其他编者不可访问 (3.7s)
  ok 52 [chromium] › tests\e2e\resubmission.spec.ts:138:5 › 新诠释者与新视角完整恢复，父页失效保留选择且可以调整目标重提 (2.1s)
  x  53 [chromium] › tests\e2e\resubmission.spec.ts:187:5 › 编者成为管理员后重提直接生效，仅清理该重提草稿 (313ms)
(node:142756) Warning: The 'NO_COLOR' env is ignored due to the 'FORCE_COLOR' env being set.
(Use `node --trace-warnings ...` to show where the warning was created)
  x  54 [chromium] › tests\e2e\review-behavior.spec.ts:88:5 › 队列显示票数、批准者、过期基准与两侧 diff；提交详情保留终态及理由，重提创建新提交 (243ms)
(node:64148) Warning: The 'NO_COLOR' env is ignored due to the 'FORCE_COLOR' env being set.
(Use `node --trace-warnings ...` to show where the warning was created)
  x  55 [chromium] › tests\e2e\review-behavior.spec.ts:145:5 › 受理追加完整修订并替换双链；反链与精确视角引用热度同步更新并重排 (232ms)
(node:72132) Warning: The 'NO_COLOR' env is ignored due to the 'FORCE_COLOR' env being set.
(Use `node --trace-warnings ...` to show where the warning was created)
  x  56 [chromium] › tests\e2e\review-behavior.spec.ts:188:5 › 词条、诠释者及视角新建均经审核后可读，重复名称与挂载仍拒绝 (224ms)
(node:35364) Warning: The 'NO_COLOR' env is ignored due to the 'FORCE_COLOR' env being set.
(Use `node --trace-warnings ...` to show where the warning was created)
  x  57 [chromium] › tests\e2e\review.spec.ts:43:5 › 编者提交 → 管理员受理 → 游客可见新内容 (5.8s)
(node:115472) Warning: The 'NO_COLOR' env is ignored due to the 'FORCE_COLOR' env being set.
(Use `node --trace-warnings ...` to show where the warning was created)
  ok 58 [chromium] › tests\e2e\review.spec.ts:104:5 › 驳回必填理由：不填无法提交驳回 (2.1s)
  ok 59 [chromium] › tests\e2e\schools-categories.spec.ts:5:5 › 学派轴：学派列表 → 学派页（成员诠释者 + 核心词条）→ 诠释者页与词条页 (701ms)
  ok 60 [chromium] › tests\e2e\schools-categories.spec.ts:32:5 › 分类轴：分类树浏览 → 分类页词条列表；词条页显示所属分类并可点入 (696ms)
  ok 61 [chromium] › tests\e2e\spec18-combined.spec.ts:20:7 › 组合：term 删除→系统驳回→恢复→从详情 UI 重提→公开阅读 (2.0s)
  ok 62 [chromium] › tests\e2e\spec18-combined.spec.ts:20:7 › 组合：interpreter 删除→系统驳回→恢复→从详情 UI 重提→公开阅读 (2.0s)
  x  63 [chromium] › tests\e2e\spec18-combined.spec.ts:78:7 › 组合：游客兴趣推荐过滤 perspective 删除形成的不可见视角，恢复后重新出现 (132ms)
(node:130560) Warning: The 'NO_COLOR' env is ignored due to the 'FORCE_COLOR' env being set.
(Use `node --trace-warnings ...` to show where the warning was created)
  x  64 [chromium] › tests\e2e\spec18-combined.spec.ts:78:7 › 组合：游客兴趣推荐过滤 term 删除形成的不可见视角，恢复后重新出现 (217ms)
(node:37752) Warning: The 'NO_COLOR' env is ignored due to the 'FORCE_COLOR' env being set.
(Use `node --trace-warnings ...` to show where the warning was created)
  x  65 [chromium] › tests\e2e\spec18-combined.spec.ts:78:7 › 组合：游客兴趣推荐过滤 interpreter 删除形成的不可见视角，恢复后重新出现 (224ms)
(node:59424) Warning: The 'NO_COLOR' env is ignored due to the 'FORCE_COLOR' env being set.
(Use `node --trace-warnings ...` to show where the warning was created)
  x  66 [chromium] › tests\e2e\term-edit.spec.ts:13:5 › 词条草稿、独立编辑、两票逐字段审核、旧 URL 与普通及显式双链 (263ms)
(node:119420) Warning: The 'NO_COLOR' env is ignored due to the 'FORCE_COLOR' env being set.
(Use `node --trace-warnings ...` to show where the warning was created)
  x  67 [chromium] › tests\e2e\term-edit.spec.ts:104:5 › 旧词条从真实字段建立一次起始快照，草稿过期与存储禁用不覆盖新版 (219ms)
(node:150976) Warning: The 'NO_COLOR' env is ignored due to the 'FORCE_COLOR' env being set.
(Use `node --trace-warnings ...` to show where the warning was created)
  x  68 [chromium] › tests\e2e\term-history.spec.ts:15:5 › 词条两次编辑、非相邻字段比较、带来源回滚、id链接与撞名失败 (226ms)
(node:153204) Warning: The 'NO_COLOR' env is ignored due to the 'FORCE_COLOR' env being set.
(Use `node --trace-warnings ...` to show where the warning was created)
  ok 69 [chromium] › tests\e2e\term-history.spec.ts:83:5 › 旧词条正文保留可读，不能猜测字段或回滚；起始快照可比较并恢复 (1.2s)
  ok 70 [chromium] › tests\e2e\visibility.spec.ts:12:7 › perspective 删除与恢复保持显式双链、反链和图谱一致 (1.7s)
  ok 71 [chromium] › tests\e2e\visibility.spec.ts:12:7 › term 删除与恢复保持显式双链、反链和图谱一致 (1.9s)
  x  72 [chromium] › tests\e2e\visibility.spec.ts:12:7 › interpreter 删除与恢复保持显式双链、反链和图谱一致 (121ms)
(node:127516) Warning: The 'NO_COLOR' env is ignored due to the 'FORCE_COLOR' env being set.
(Use `node --trace-warnings ...` to show where the warning was created)
  x  73 [chromium] › tests\e2e\wiki-link-semantics.spec.ts:26:5 › 混合正文的预览、受理、直编与回滚只为真实双链生成导航关系 (216ms)
(node:71156) Warning: The 'NO_COLOR' env is ignored due to the 'FORCE_COLOR' env being set.
(Use `node --trace-warnings ...` to show where the warning was created)
  x  74 [chromium] › tests\e2e\wiki-link-semantics.spec.ts:89:5 › 普通双链源文仍用旧名时，预览、保存与回滚保留目标身份，隐藏目标恢复后仍可达 (237ms)
(node:97808) Warning: The 'NO_COLOR' env is ignored due to the 'FORCE_COLOR' env being set.
(Use `node --trace-warnings ...` to show where the warning was created)
  x  75 [chromium] › tests\e2e\wiki-link-semantics.spec.ts:89:5 › 显式视角源文仍用旧名时，预览、保存与回滚保留目标身份，隐藏目标恢复后仍可达 (211ms)


  1) [chromium] › tests\e2e\discussion.spec.ts:92:5 › 视角页一键带锚点开楼；锚点可点击跳回该视角 ────────────────────────

    Error: expect(locator).toContainText(expected) failed

    Locator: getByTestId('session-user')
    Expected substring: "管理员"
    Timeout: 5000ms
    Error: element(s) not found

    Call log:
      - Expect "toContainText" with timeout 5000ms
      - waiting for getByTestId('session-user')


      28 |   await page.getByLabel("密码").fill(ADMIN_PASSWORD!);
      29 |   await page.getByRole("button", { name: "登录" }).click();
    > 30 |   await expect(page.getByTestId("session-user")).toContainText("管理员");
         |                                                  ^
      31 | }
      32 |
      33 | test("游客只读讨论区；管理员开楼并一层回复", async ({ page }) => {
        at loginAdmin (D:\PhoskyWiki-worktrees\spec18-29\tests\e2e\discussion.spec.ts:30:50)
        at D:\PhoskyWiki-worktrees\spec18-29\tests\e2e\discussion.spec.ts:93:3

    Error Context: test-results\discussion-视角页一键带锚点开楼；锚点可点击跳回该视角-chromium\error-context.md

  2) [chromium] › tests\e2e\editor.spec.ts:62:5 › 补全闭合新双链并保留后续普通竖线文本 ───────────────────────────────

    Error: expect(locator).toContainText(expected) failed

    Locator: getByTestId('session-user')
    Expected substring: "编者"
    Timeout: 5000ms
    Error: element(s) not found

    Call log:
      - Expect "toContainText" with timeout 5000ms
      - waiting for getByTestId('session-user')


       8 |   await page.getByLabel("密码（至少 8 位）").fill("password123");
       9 |   await page.getByRole("button", { name: "注册并登录" }).click();
    > 10 |   await expect(page.getByTestId("session-user")).toContainText("编者");
         |                                                  ^
      11 |   await page.goto("/new/perspective");
      12 | }
      13 |
        at openNewPerspective (D:\PhoskyWiki-worktrees\spec18-29\tests\e2e\editor.spec.ts:10:50)
        at D:\PhoskyWiki-worktrees\spec18-29\tests\e2e\editor.spec.ts:63:3

    Error Context: test-results\editor-补全闭合新双链并保留后续普通竖线文本-chromium\error-context.md

  3) [chromium] › tests\e2e\editor.spec.ts:78:7 › 移动端编辑 › 窄屏可触摸补全、使用工具栏、预览长文本并提交 ───────────────────

    Error: expect(locator).toContainText(expected) failed

    Locator: getByTestId('session-user')
    Expected substring: "编者"
    Timeout: 5000ms
    Error: element(s) not found

    Call log:
      - Expect "toContainText" with timeout 5000ms
      - waiting for getByTestId('session-user')


       8 |   await page.getByLabel("密码（至少 8 位）").fill("password123");
       9 |   await page.getByRole("button", { name: "注册并登录" }).click();
    > 10 |   await expect(page.getByTestId("session-user")).toContainText("编者");
         |                                                  ^
      11 |   await page.goto("/new/perspective");
      12 | }
      13 |
        at openNewPerspective (D:\PhoskyWiki-worktrees\spec18-29\tests\e2e\editor.spec.ts:10:50)
        at D:\PhoskyWiki-worktrees\spec18-29\tests\e2e\editor.spec.ts:79:5

    Error Context: test-results\editor-移动端编辑-窄屏可触摸补全、使用工具栏、预览长文本并提交-chromium\error-context.md

  4) [chromium] › tests\e2e\interests.spec.ts:173:5 › 登录：兴趣保存到账号并跨页持久，词条页视角按兴趣重排 ───────────────────

    Error: expect(locator).toContainText(expected) failed

    Locator: getByTestId('session-user')
    Expected substring: "编者"
    Timeout: 5000ms
    Error: element(s) not found

    Call log:
      - Expect "toContainText" with timeout 5000ms
      - waiting for getByTestId('session-user')


      183 |   await page.getByLabel("密码（至少 8 位）").fill("password123");
      184 |   await page.getByRole("button", { name: "注册并登录" }).click();
    > 185 |   await expect(page.getByTestId("session-user")).toContainText("编者");
          |                                                  ^
      186 |
      187 |   await page.goto("/interests");
      188 |   await page.getByLabel("德勒兹", { exact: true }).check();
        at D:\PhoskyWiki-worktrees\spec18-29\tests\e2e\interests.spec.ts:185:50

    Error Context: test-results\interests-登录：兴趣保存到账号并跨页持久，词条页视角按兴趣重排-chromium\error-context.md

  5) [chromium] › tests\e2e\production.spec.ts:5:5 › 编者用词条骨架向导填写信息框与通俗解读并提交审核 ──────────────────────

    Error: expect(locator).toContainText(expected) failed

    Locator: getByTestId('session-user')
    Expected substring: "编者"
    Timeout: 5000ms
    Error: element(s) not found

    Call log:
      - Expect "toContainText" with timeout 5000ms
      - waiting for getByTestId('session-user')


       9 |   await page.getByLabel("密码（至少 8 位）").fill("password123");
      10 |   await page.getByRole("button", { name: "注册并登录" }).click();
    > 11 |   await expect(page.getByTestId("session-user")).toContainText("编者");
         |                                                  ^
      12 |   await page.goto("/new/term");
      13 |   await page.getByLabel("词条标题").fill(`向导词条-${randomUUID()}`);
      14 |   await page.getByLabel("一句话简介（信息框用）").fill("向导填写的简介");
        at D:\PhoskyWiki-worktrees\spec18-29\tests\e2e\production.spec.ts:11:50

    Error Context: test-results\production-编者用词条骨架向导填写信息框与通俗解读并提交审核-chromium\error-context.md

  6) [chromium] › tests\e2e\production.spec.ts:35:5 › 管理员从向导进入 JSON 导入后可打开新词条阅读编委会视角 ───────────────

    Error: expect(locator).toContainText(expected) failed

    Locator: getByTestId('session-user')
    Expected substring: "管理员"
    Timeout: 5000ms
    Error: element(s) not found

    Call log:
      - Expect "toContainText" with timeout 5000ms
      - waiting for getByTestId('session-user')


      39 |   await page.getByLabel("密码").fill(process.env.SEED_ADMIN_PASSWORD!);
      40 |   await page.getByRole("button", { name: "登录" }).click();
    > 41 |   await expect(page.getByTestId("session-user")).toContainText("管理员");
         |                                                  ^
      42 |   await page.goto("/new/term");
      43 |   await page.getByRole("link", { name: "批量导入 JSON →" }).click();
      44 |   const title = `导入词条-${randomUUID()}`;
        at D:\PhoskyWiki-worktrees\spec18-29\tests\e2e\production.spec.ts:41:50

    Error Context: test-results\production-管理员从向导进入-JSON-导入后可打开新词条阅读编委会视角-chromium\error-context.md

  7) [chromium] › tests\e2e\profile.spec.ts:160:5 › 页面后续修订不改变我的提交差异，起始修订过期的自动驳回也通知提交者 ──────────────

    Error: expect(received).toBe(expected) // Object.is equality

    Expected: true
    Received: false

      25 |     data: { name, email, password },
      26 |   });
    > 27 |   expect(response.ok()).toBe(true);
         |                         ^
      28 |   const { user } = await response.json();
      29 |   return { id: user.id as string, email, password, name };
      30 | }
        at register (D:\PhoskyWiki-worktrees\spec18-29\tests\e2e\profile.spec.ts:27:25)
        at D:\PhoskyWiki-worktrees\spec18-29\tests\e2e\profile.spec.ts:162:3

    Error Context: test-results\profile-页面后续修订不改变我的提交差异，起始修订过期的自动驳回也通知提交者-chromium\error-context.md

  8) [chromium] › tests\e2e\resubmission.spec.ts:6:5 › 驳回词条从详情完整预填、网络失败保留独立草稿、重提两票公开 ───────────────

    Test timeout of 120000ms exceeded.

    Error: locator.click: Test timeout of 120000ms exceeded.
    Call log:
      - waiting for locator('[data-submission-id="12"]').getByRole('button', { name: '驳回…' })


      19 |     await page.goto("/review");
      20 |     const rejectedEntry = page.locator(`[data-submission-id="${submissionId}"]`);
    > 21 |     await rejectedEntry.getByRole("button", { name: "驳回…" }).click();
         |                                                              ^
      22 |     await rejectedEntry.getByLabel("驳回理由（必填，提交者可见）").fill("请补充来源");
      23 |     await rejectedEntry.getByRole("button", { name: "确认驳回" }).click();
      24 |     await expect(rejectedEntry).toHaveCount(0);
        at D:\PhoskyWiki-worktrees\spec18-29\tests\e2e\resubmission.spec.ts:21:62

    Error Context: test-results\resubmission-驳回词条从详情完整预填、网络失败保留独立草稿、重提两票公开-chromium\error-context.md

  9) [chromium] › tests\e2e\resubmission.spec.ts:187:5 › 编者成为管理员后重提直接生效，仅清理该重提草稿 ───────────────────

    TypeError: Cannot read properties of undefined (reading 'id')

      194 |   try {
      195 |     const account = await editor.request.post("/api/auth/sign-up/email", { data: { email: `${randomUUID()}@example.com`, password: "password123", name: "晋升编者" } });
    > 196 |     editorId = (await account.json()).user.id;
          |                                            ^
      197 |     const title = `Promoted ${randomUUID()}`;
      198 |     const { submissionId } = await (await editor.request.post("/api/submissions", { data: { kind: "new_interpreter", title, summary: "原资料" } })).json();
      199 |     await page.request.post(`/api/admin/submissions/${submissionId}/review`, { data: { action: "reject", reason: "补全后重提" } });
        at D:\PhoskyWiki-worktrees\spec18-29\tests\e2e\resubmission.spec.ts:196:44

    Error Context: test-results\resubmission-编者成为管理员后重提直接生效，仅清理该重提草稿-chromium\error-context.md

  10) [chromium] › tests\e2e\review-behavior.spec.ts:88:5 › 队列显示票数、批准者、过期基准与两侧 diff；提交详情保留终态及理由，重提创建新提交 

    Error: expect(received).toBe(expected) // Object.is equality

    Expected: true
    Received: false

      17 |     data: { email: ADMIN_EMAIL, password: ADMIN_PASSWORD },
      18 |   });
    > 19 |   expect(response.ok()).toBe(true);
         |                         ^
      20 |   const result = await response.json();
      21 |   expect(result.user.role).toBe("admin");
      22 |   return result.user.name as string;
        at loginAdmin (D:\PhoskyWiki-worktrees\spec18-29\tests\e2e\review-behavior.spec.ts:19:25)
        at D:\PhoskyWiki-worktrees\spec18-29\tests\e2e\review-behavior.spec.ts:89:21

    Error Context: test-results\review-behavior-队列显示票数、批准者、过期基准与两侧-diff；提交详情保留终态及理由，重提创建新提交-chromium\error-context.md

  11) [chromium] › tests\e2e\review-behavior.spec.ts:145:5 › 受理追加完整修订并替换双链；反链与精确视角引用热度同步更新并重排 ──────

    Error: expect(received).toBe(expected) // Object.is equality

    Expected: true
    Received: false

      17 |     data: { email: ADMIN_EMAIL, password: ADMIN_PASSWORD },
      18 |   });
    > 19 |   expect(response.ok()).toBe(true);
         |                         ^
      20 |   const result = await response.json();
      21 |   expect(result.user.role).toBe("admin");
      22 |   return result.user.name as string;
        at loginAdmin (D:\PhoskyWiki-worktrees\spec18-29\tests\e2e\review-behavior.spec.ts:19:25)
        at D:\PhoskyWiki-worktrees\spec18-29\tests\e2e\review-behavior.spec.ts:146:3

    Error Context: test-results\review-behavior-受理追加完整修订并替换双链；反链与精确视角引用热度同步更新并重排-chromium\error-context.md

  12) [chromium] › tests\e2e\review-behavior.spec.ts:188:5 › 词条、诠释者及视角新建均经审核后可读，重复名称与挂载仍拒绝 ─────────

    Error: expect(received).toBe(expected) // Object.is equality

    Expected: true
    Received: false

      17 |     data: { email: ADMIN_EMAIL, password: ADMIN_PASSWORD },
      18 |   });
    > 19 |   expect(response.ok()).toBe(true);
         |                         ^
      20 |   const result = await response.json();
      21 |   expect(result.user.role).toBe("admin");
      22 |   return result.user.name as string;
        at loginAdmin (D:\PhoskyWiki-worktrees\spec18-29\tests\e2e\review-behavior.spec.ts:19:25)
        at D:\PhoskyWiki-worktrees\spec18-29\tests\e2e\review-behavior.spec.ts:189:3

    Error Context: test-results\review-behavior-词条、诠释者及视角新建均经审核后可读，重复名称与挂载仍拒绝-chromium\error-context.md

  13) [chromium] › tests\e2e\review.spec.ts:43:5 › 编者提交 → 管理员受理 → 游客可见新内容 ──────────────────────────

    Error: expect(locator).toContainText(expected) failed

    Locator: getByTestId('session-user')
    Expected substring: "编者"
    Timeout: 5000ms
    Error: element(s) not found

    Call log:
      - Expect "toContainText" with timeout 5000ms
      - waiting for getByTestId('session-user')


      55 |   await page.getByLabel("密码（至少 8 位）").fill("password123");
      56 |   await page.getByRole("button", { name: "注册并登录" }).click();
    > 57 |   await expect(page.getByTestId("session-user")).toContainText("编者");
         |                                                  ^
      58 |
      59 |   // 编辑通俗视角：追加一段标记文字，提交进审核队列
      60 |   await openSubjectivityBoard(page);
        at D:\PhoskyWiki-worktrees\spec18-29\tests\e2e\review.spec.ts:57:50

    Error Context: test-results\review-编者提交-→-管理员受理-→-游客可见新内容-chromium\error-context.md

  14) [chromium] › tests\e2e\spec18-combined.spec.ts:78:7 › 组合：游客兴趣推荐过滤 perspective 删除形成的不可见视角，恢复后重新出现 

    Error: expect(received).toBe(expected) // Object.is equality

    Expected: true
    Received: false

      11 |   expect((await request.post("/api/auth/sign-in/email", { data: {
      12 |     email: process.env.SEED_ADMIN_EMAIL, password: process.env.SEED_ADMIN_PASSWORD,
    > 13 |   } })).ok()).toBe(true);
         |               ^
      14 | }
      15 | async function manage(request: APIRequestContext, pageId: number, action: "delete" | "restore") {
      16 |   expect((await request.post(`/api/admin/pages/${pageId}`, { data: { action } })).status()).toBe(200);
        at signIn (D:\PhoskyWiki-worktrees\spec18-29\tests\e2e\spec18-combined.spec.ts:13:15)
        at D:\PhoskyWiki-worktrees\spec18-29\tests\e2e\spec18-combined.spec.ts:80:5

    Error Context: test-results\spec18-combined-组合：游客兴趣推荐过滤-perspective-删除形成的不可见视角，恢复后重新出现-chromium\error-context.md

  15) [chromium] › tests\e2e\spec18-combined.spec.ts:78:7 › 组合：游客兴趣推荐过滤 term 删除形成的不可见视角，恢复后重新出现 ────

    Error: expect(received).toBe(expected) // Object.is equality

    Expected: true
    Received: false

      11 |   expect((await request.post("/api/auth/sign-in/email", { data: {
      12 |     email: process.env.SEED_ADMIN_EMAIL, password: process.env.SEED_ADMIN_PASSWORD,
    > 13 |   } })).ok()).toBe(true);
         |               ^
      14 | }
      15 | async function manage(request: APIRequestContext, pageId: number, action: "delete" | "restore") {
      16 |   expect((await request.post(`/api/admin/pages/${pageId}`, { data: { action } })).status()).toBe(200);
        at signIn (D:\PhoskyWiki-worktrees\spec18-29\tests\e2e\spec18-combined.spec.ts:13:15)
        at D:\PhoskyWiki-worktrees\spec18-29\tests\e2e\spec18-combined.spec.ts:80:5

    Error Context: test-results\spec18-combined-组合：游客兴趣推荐过滤-term-删除形成的不可见视角，恢复后重新出现-chromium\error-context.md

  16) [chromium] › tests\e2e\spec18-combined.spec.ts:78:7 › 组合：游客兴趣推荐过滤 interpreter 删除形成的不可见视角，恢复后重新出现 

    Error: expect(received).toBe(expected) // Object.is equality

    Expected: true
    Received: false

      11 |   expect((await request.post("/api/auth/sign-in/email", { data: {
      12 |     email: process.env.SEED_ADMIN_EMAIL, password: process.env.SEED_ADMIN_PASSWORD,
    > 13 |   } })).ok()).toBe(true);
         |               ^
      14 | }
      15 | async function manage(request: APIRequestContext, pageId: number, action: "delete" | "restore") {
      16 |   expect((await request.post(`/api/admin/pages/${pageId}`, { data: { action } })).status()).toBe(200);
        at signIn (D:\PhoskyWiki-worktrees\spec18-29\tests\e2e\spec18-combined.spec.ts:13:15)
        at D:\PhoskyWiki-worktrees\spec18-29\tests\e2e\spec18-combined.spec.ts:80:5

    Error Context: test-results\spec18-combined-组合：游客兴趣推荐过滤-interpreter-删除形成的不可见视角，恢复后重新出现-chromium\error-context.md

  17) [chromium] › tests\e2e\term-edit.spec.ts:13:5 › 词条草稿、独立编辑、两票逐字段审核、旧 URL 与普通及显式双链 ─────────────

    Error: expect(received).toBe(expected) // Object.is equality

    Expected: true
    Received: false

      15 |   expect(password, "独立环境必须配置种子管理员").toBeTruthy();
      16 |   const signed = await page.request.post("/api/auth/sign-in/email", { data: { email: process.env.SEED_ADMIN_EMAIL, password } });
    > 17 |   expect(signed.ok()).toBe(true);
         |                       ^
      18 |   const token = randomUUID();
      19 |   const originalTitle = `Metadata Old ${token}`;
      20 |   const renamedTitle = `Metadata New ${token}`;
        at D:\PhoskyWiki-worktrees\spec18-29\tests\e2e\term-edit.spec.ts:17:23

    Error Context: test-results\term-edit-词条草稿、独立编辑、两票逐字段审核、旧-URL-与普通及显式双链-chromium\error-context.md

  18) [chromium] › tests\e2e\term-edit.spec.ts:104:5 › 旧词条从真实字段建立一次起始快照，草稿过期与存储禁用不覆盖新版 ─────────────

    Error: expect(received).toBe(expected) // Object.is equality

    Expected: true
    Received: false

      104 | test("旧词条从真实字段建立一次起始快照，草稿过期与存储禁用不覆盖新版", async ({ page }) => {
      105 |   test.setTimeout(90_000);
    > 106 |   expect((await page.request.post("/api/auth/sign-in/email", { data: { email: process.env.SEED_ADMIN_EMAIL, password } })).ok()).toBe(true);
          |                                                                                                                                  ^
      107 |   const pool = new Pool({ connectionString: process.env.DATABASE_URL });
      108 |   const title = `Legacy ${randomUUID()}`;
      109 |   let pageId: number;
        at D:\PhoskyWiki-worktrees\spec18-29\tests\e2e\term-edit.spec.ts:106:130

    Error Context: test-results\term-edit-旧词条从真实字段建立一次起始快照，草稿过期与存储禁用不覆盖新版-chromium\error-context.md

  19) [chromium] › tests\e2e\term-history.spec.ts:15:5 › 词条两次编辑、非相邻字段比较、带来源回滚、id链接与撞名失败 ────────────

    Error: expect(received).toBe(expected) // Object.is equality

    Expected: true
    Received: false

      10 | }
      11 | async function signIn(request: APIRequestContext) {
    > 12 |   expect((await request.post("/api/auth/sign-in/email", { data: { email: process.env.SEED_ADMIN_EMAIL, password: process.env.SEED_ADMIN_PASSWORD } })).ok()).toBe(true);
         |                                                                                                                                                              ^
      13 | }
      14 |
      15 | test("词条两次编辑、非相邻字段比较、带来源回滚、id链接与撞名失败", async ({ page, browser, baseURL }) => {
        at signIn (D:\PhoskyWiki-worktrees\spec18-29\tests\e2e\term-history.spec.ts:12:158)
        at D:\PhoskyWiki-worktrees\spec18-29\tests\e2e\term-history.spec.ts:17:3

    Error Context: test-results\term-history-词条两次编辑、非相邻字段比较、带来源回滚、id链接与撞名失败-chromium\error-context.md

  20) [chromium] › tests\e2e\visibility.spec.ts:12:7 › interpreter 删除与恢复保持显式双链、反链和图谱一致 ─────────────

    Error: expect(received).toBe(expected) // Object.is equality

    Expected: true
    Received: false

      15 |     expect((await page.request.post("/api/auth/sign-in/email", { data: {
      16 |       email: process.env.SEED_ADMIN_EMAIL, password: process.env.SEED_ADMIN_PASSWORD,
    > 17 |     } })).ok()).toBe(true);
         |                 ^
      18 |     const suffix = randomUUID();
      19 |     const title = `可见词条 ${suffix}`;
      20 |     const name = `可见诠释者 ${suffix}`;
        at D:\PhoskyWiki-worktrees\spec18-29\tests\e2e\visibility.spec.ts:17:17

    Error Context: test-results\visibility-interpreter-删除与恢复保持显式双链、反链和图谱一致-chromium\error-context.md

  21) [chromium] › tests\e2e\wiki-link-semantics.spec.ts:26:5 › 混合正文的预览、受理、直编与回滚只为真实双链生成导航关系 ───────

    Error: expect(received).toBe(expected) // Object.is equality

    Expected: true
    Received: false

      21 |   expect((await request.post("/api/auth/sign-in/email", { data: {
      22 |     email: process.env.SEED_ADMIN_EMAIL, password: process.env.SEED_ADMIN_PASSWORD,
    > 23 |   } })).ok()).toBe(true);
         |               ^
      24 | }
      25 |
      26 | test("混合正文的预览、受理、直编与回滚只为真实双链生成导航关系", async ({ page, request }) => {
        at login (D:\PhoskyWiki-worktrees\spec18-29\tests\e2e\wiki-link-semantics.spec.ts:23:15)
        at D:\PhoskyWiki-worktrees\spec18-29\tests\e2e\wiki-link-semantics.spec.ts:28:3

    Error Context: test-results\wiki-link-semantics-混合正文的预览、受理、直编与回滚只为真实双链生成导航关系-chromium\error-context.md

  22) [chromium] › tests\e2e\wiki-link-semantics.spec.ts:89:5 › 普通双链源文仍用旧名时，预览、保存与回滚保留目标身份，隐藏目标恢复后仍可达 

    Error: expect(received).toBe(expected) // Object.is equality

    Expected: true
    Received: false

      21 |   expect((await request.post("/api/auth/sign-in/email", { data: {
      22 |     email: process.env.SEED_ADMIN_EMAIL, password: process.env.SEED_ADMIN_PASSWORD,
    > 23 |   } })).ok()).toBe(true);
         |               ^
      24 | }
      25 |
      26 | test("混合正文的预览、受理、直编与回滚只为真实双链生成导航关系", async ({ page, request }) => {
        at login (D:\PhoskyWiki-worktrees\spec18-29\tests\e2e\wiki-link-semantics.spec.ts:23:15)
        at D:\PhoskyWiki-worktrees\spec18-29\tests\e2e\wiki-link-semantics.spec.ts:91:3

    Error Context: test-results\wiki-link-semantics-普通双链源文仍用旧名时，预览、保存与回滚保留目标身份，隐藏目标恢复后仍可达-chromium\error-context.md

  23) [chromium] › tests\e2e\wiki-link-semantics.spec.ts:89:5 › 显式视角源文仍用旧名时，预览、保存与回滚保留目标身份，隐藏目标恢复后仍可达 

    Error: expect(received).toBe(expected) // Object.is equality

    Expected: true
    Received: false

      21 |   expect((await request.post("/api/auth/sign-in/email", { data: {
      22 |     email: process.env.SEED_ADMIN_EMAIL, password: process.env.SEED_ADMIN_PASSWORD,
    > 23 |   } })).ok()).toBe(true);
         |               ^
      24 | }
      25 |
      26 | test("混合正文的预览、受理、直编与回滚只为真实双链生成导航关系", async ({ page, request }) => {
        at login (D:\PhoskyWiki-worktrees\spec18-29\tests\e2e\wiki-link-semantics.spec.ts:23:15)
        at D:\PhoskyWiki-worktrees\spec18-29\tests\e2e\wiki-link-semantics.spec.ts:91:3

    Error Context: test-results\wiki-link-semantics-显式视角源文仍用旧名时，预览、保存与回滚保留目标身份，隐藏目标恢复后仍可达-chromium\error-context.md

  23 failed
    [chromium] › tests\e2e\discussion.spec.ts:92:5 › 视角页一键带锚点开楼；锚点可点击跳回该视角 ─────────────────────────
    [chromium] › tests\e2e\editor.spec.ts:62:5 › 补全闭合新双链并保留后续普通竖线文本 ────────────────────────────────
    [chromium] › tests\e2e\editor.spec.ts:78:7 › 移动端编辑 › 窄屏可触摸补全、使用工具栏、预览长文本并提交 ────────────────────
    [chromium] › tests\e2e\interests.spec.ts:173:5 › 登录：兴趣保存到账号并跨页持久，词条页视角按兴趣重排 ────────────────────
    [chromium] › tests\e2e\production.spec.ts:5:5 › 编者用词条骨架向导填写信息框与通俗解读并提交审核 ───────────────────────
    [chromium] › tests\e2e\production.spec.ts:35:5 › 管理员从向导进入 JSON 导入后可打开新词条阅读编委会视角 ────────────────
    [chromium] › tests\e2e\profile.spec.ts:160:5 › 页面后续修订不改变我的提交差异，起始修订过期的自动驳回也通知提交者 ───────────────
    [chromium] › tests\e2e\resubmission.spec.ts:6:5 › 驳回词条从详情完整预填、网络失败保留独立草稿、重提两票公开 ────────────────
    [chromium] › tests\e2e\resubmission.spec.ts:187:5 › 编者成为管理员后重提直接生效，仅清理该重提草稿 ────────────────────
    [chromium] › tests\e2e\review-behavior.spec.ts:88:5 › 队列显示票数、批准者、过期基准与两侧 diff；提交详情保留终态及理由，重提创建新提交 
    [chromium] › tests\e2e\review-behavior.spec.ts:145:5 › 受理追加完整修订并替换双链；反链与精确视角引用热度同步更新并重排 ────────
    [chromium] › tests\e2e\review-behavior.spec.ts:188:5 › 词条、诠释者及视角新建均经审核后可读，重复名称与挂载仍拒绝 ───────────
    [chromium] › tests\e2e\review.spec.ts:43:5 › 编者提交 → 管理员受理 → 游客可见新内容 ────────────────────────────
    [chromium] › tests\e2e\spec18-combined.spec.ts:78:7 › 组合：游客兴趣推荐过滤 perspective 删除形成的不可见视角，恢复后重新出现 
    [chromium] › tests\e2e\spec18-combined.spec.ts:78:7 › 组合：游客兴趣推荐过滤 term 删除形成的不可见视角，恢复后重新出现 ──────
    [chromium] › tests\e2e\spec18-combined.spec.ts:78:7 › 组合：游客兴趣推荐过滤 interpreter 删除形成的不可见视角，恢复后重新出现 
    [chromium] › tests\e2e\term-edit.spec.ts:13:5 › 词条草稿、独立编辑、两票逐字段审核、旧 URL 与普通及显式双链 ───────────────
    [chromium] › tests\e2e\term-edit.spec.ts:104:5 › 旧词条从真实字段建立一次起始快照，草稿过期与存储禁用不覆盖新版 ───────────────
    [chromium] › tests\e2e\term-history.spec.ts:15:5 › 词条两次编辑、非相邻字段比较、带来源回滚、id链接与撞名失败 ──────────────
    [chromium] › tests\e2e\visibility.spec.ts:12:7 › interpreter 删除与恢复保持显式双链、反链和图谱一致 ───────────────
    [chromium] › tests\e2e\wiki-link-semantics.spec.ts:26:5 › 混合正文的预览、受理、直编与回滚只为真实双链生成导航关系 ─────────
    [chromium] › tests\e2e\wiki-link-semantics.spec.ts:89:5 › 普通双链源文仍用旧名时，预览、保存与回滚保留目标身份，隐藏目标恢复后仍可达 
    [chromium] › tests\e2e\wiki-link-semantics.spec.ts:89:5 › 显式视角源文仍用旧名时，预览、保存与回滚保留目标身份，隐藏目标恢复后仍可达 
  52 passed (4.3m)
