
Running 1 test using 1 worker

(node:55688) Warning: The 'NO_COLOR' env is ignored due to the 'FORCE_COLOR' env being set.
(Use `node --trace-warnings ...` to show where the warning was created)
  x  1 [chromium] › tests\e2e\review-behavior.spec.ts:88:5 › 队列显示票数、批准者、过期基准与两侧 diff；提交详情保留终态及理由，重提创建新提交 (1.3s)


  1) [chromium] › tests\e2e\review-behavior.spec.ts:88:5 › 队列显示票数、批准者、过期基准与两侧 diff；提交详情保留终态及理由，重提创建新提交 

    Error: expect(received).toBe(expected) // Object.is equality

    Expected: 201
    Received: 409

      35 | async function submit(request: APIRequestContext, data: Record<string, unknown>) {
      36 |   const response = await request.post("/api/submissions", { data });
    > 37 |   expect(response.status()).toBe(201);
         |                             ^
      38 |   return response.json() as Promise<{ submissionId: number; pageId: number; href: string; outcome: string }>;
      39 | }
      40 |
        at submit (D:\PhoskyWiki-worktrees\spec18-29\tests\e2e\review-behavior.spec.ts:37:29)
        at D:\PhoskyWiki-worktrees\spec18-29\tests\e2e\review-behavior.spec.ts:136:19

    Error Context: test-results\review-behavior-队列显示票数、批准者、过期基准与两侧-diff；提交详情保留终态及理由，重提创建新提交-chromium\error-context.md

  1 failed
    [chromium] › tests\e2e\review-behavior.spec.ts:88:5 › 队列显示票数、批准者、过期基准与两侧 diff；提交详情保留终态及理由，重提创建新提交 
