
> phoskywiki@0.1.0 start D:\PhoskyWiki-worktrees\spec18-29
> next start "--port" "3129"

▲ Next.js 16.3.4
- Local:         http://localhost:3129
- Network:       http://10.1.30.4:3129
✓ Ready in 177ms
✓ Running next.config.ts took 47ms
2026-09-08T05:08:42.523Z WARN [Better Auth]: User not found
MEILI_HOST 未配置：全站搜索降级为空实现（派生索引可由全量校对重建，见 ADR-0002）
MEILI_HOST 未配置：全站搜索降级为空实现（派生索引可由全量校对重建，见 ADR-0002）
⨯ Error: The destination stream closed early.
    at ignore-listed frames {
  digest: '2406399526'
}
⨯ Error: The destination stream closed early.
    at ignore-listed frames {
  digest: '2406399526'
}
⨯ Error: The destination stream closed early.
    at ignore-listed frames {
  digest: '2406399526'
}
⨯ Error: The destination stream closed early.
    at ignore-listed frames {
  digest: '2406399526'
}
⨯ Error: The destination stream closed early.
    at ignore-listed frames {
  digest: '2406399526'
}
⨯ Error: The destination stream closed early.
    at ignore-listed frames {
  digest: '2406399526'
}
⨯ Error: The destination stream closed early.
    at ignore-listed frames {
  digest: '2406399526'
}
⨯ Error: The destination stream closed early.
    at ignore-listed frames {
  digest: '2406399526'
}
⨯ Error: The destination stream closed early.
    at ignore-listed frames {
  digest: '2406399526'
}
⨯ Error: The destination stream closed early.
    at ignore-listed frames {
  digest: '2406399526'
}
⨯ Error: The destination stream closed early.
    at ignore-listed frames {
  digest: '2406399526'
}
⨯ Error: The destination stream closed early.
    at ignore-listed frames {
  digest: '2406399526'
}
⨯ Error: The destination stream closed early.
    at ignore-listed frames {
  digest: '2406399526'
}
⨯ Error: The destination stream closed early.
    at ignore-listed frames {
  digest: '2406399526'
}
⨯ Error: The destination stream closed early.
    at ignore-listed frames {
  digest: '2406399526'
}
⨯ Error: The destination stream closed early.
    at ignore-listed frames {
  digest: '2406399526'
}
⨯ Error: The destination stream closed early.
    at ignore-listed frames {
  digest: '2406399526'
}
⨯ Error: The destination stream closed early.
    at ignore-listed frames {
  digest: '2406399526'
}
⨯ Error: The destination stream closed early.
    at ignore-listed frames {
  digest: '2406399526'
}
⨯ Error: The destination stream closed early.
    at ignore-listed frames {
  digest: '2406399526'
}
⨯ Error: The destination stream closed early.
    at ignore-listed frames {
  digest: '2406399526'
}
⨯ Error: The destination stream closed early.
    at ignore-listed frames {
  digest: '2406399526'
}
⨯ Error: The destination stream closed early.
    at ignore-listed frames {
  digest: '2406399526'
}
