
Running 7 tests using 1 worker

(node:106560) Warning: The 'NO_COLOR' env is ignored due to the 'FORCE_COLOR' env being set.
(Use `node --trace-warnings ...` to show where the warning was created)
  ok 1 [chromium] › tests\e2e\alias-roundtrip.spec.ts:18:5 › 只改简介并恢复本地草稿，含分隔符的已有别名数组原样往返 (2.3s)
  ok 2 [chromium] › tests\e2e\alias-roundtrip.spec.ts:41:5 › 新建词条的带引号别名支持草稿恢复，含糊引号报错后原文仍可修正提交 (1.8s)
  ok 3 [chromium] › tests\e2e\alias-roundtrip.spec.ts:63:5 › 新词条和词条编辑驳回重提预填及草稿保留完整别名数组 (3.2s)
  x  4 [chromium] › tests\e2e\graph-cache.spec.ts:12:7 › site 浏览器缓存不能保留删除或恢复前的图谱 (167ms)
(node:111756) Warning: The 'NO_COLOR' env is ignored due to the 'FORCE_COLOR' env being set.
(Use `node --trace-warnings ...` to show where the warning was created)
  x  5 [chromium] › tests\e2e\graph-cache.spec.ts:12:7 › local 浏览器缓存不能保留删除或恢复前的图谱 (266ms)
(node:101288) Warning: The 'NO_COLOR' env is ignored due to the 'FORCE_COLOR' env being set.
(Use `node --trace-warnings ...` to show where the warning was created)
  x  6 [chromium] › tests\e2e\reconcile-links.spec.ts:32:5 › 存量校对保留真实改名前目标、清除代码假链，公开历史与重复报告稳定 (315ms)
(node:137320) Warning: The 'NO_COLOR' env is ignored due to the 'FORCE_COLOR' env being set.
(Use `node --trace-warnings ...` to show where the warning was created)
  x  7 [chromium] › tests\e2e\reconcile-links.spec.ts:107:5 › 校对逐页报告锁冲突和不存在的页面，成功项继续处理，故障解除后可按 id 重试 (26ms)


  1) [chromium] › tests\e2e\graph-cache.spec.ts:12:7 › site 浏览器缓存不能保留删除或恢复前的图谱 ─────────────────────

    Error: expect(received).toBe(expected) // Object.is equality

    Expected: true
    Received: false

      14 |     expect((await page.request.post("/api/auth/sign-in/email", { data: {
      15 |       email: process.env.SEED_ADMIN_EMAIL, password: process.env.SEED_ADMIN_PASSWORD,
    > 16 |     } })).ok()).toBe(true);
         |                 ^
      17 |     const token = randomUUID();
      18 |     const term = await submit(page.request, { kind: "new_term", title: `缓存来源 ${token}` });
      19 |     const targetTitle = `缓存目标 ${token}`;
        at D:\PhoskyWiki-worktrees\spec18-final\tests\e2e\graph-cache.spec.ts:16:17

    Error Context: test-results\graph-cache-site-浏览器缓存不能保留删除或恢复前的图谱-chromium\error-context.md

  2) [chromium] › tests\e2e\graph-cache.spec.ts:12:7 › local 浏览器缓存不能保留删除或恢复前的图谱 ────────────────────

    Error: expect(received).toBe(expected) // Object.is equality

    Expected: true
    Received: false

      14 |     expect((await page.request.post("/api/auth/sign-in/email", { data: {
      15 |       email: process.env.SEED_ADMIN_EMAIL, password: process.env.SEED_ADMIN_PASSWORD,
    > 16 |     } })).ok()).toBe(true);
         |                 ^
      17 |     const token = randomUUID();
      18 |     const term = await submit(page.request, { kind: "new_term", title: `缓存来源 ${token}` });
      19 |     const targetTitle = `缓存目标 ${token}`;
        at D:\PhoskyWiki-worktrees\spec18-final\tests\e2e\graph-cache.spec.ts:16:17

    Error Context: test-results\graph-cache-local-浏览器缓存不能保留删除或恢复前的图谱-chromium\error-context.md

  3) [chromium] › tests\e2e\reconcile-links.spec.ts:32:5 › 存量校对保留真实改名前目标、清除代码假链，公开历史与重复报告稳定 ────────

    Error: expect(received).toBe(expected) // Object.is equality

    Expected: true
    Received: false

      34 |   expect((await page.request.post("/api/auth/sign-in/email", { data: {
      35 |     email: process.env.SEED_ADMIN_EMAIL, password: process.env.SEED_ADMIN_PASSWORD,
    > 36 |   } })).ok()).toBe(true);
         |               ^
      37 |   const token = randomUUID();
      38 |   const oldName = `Reconcile Old ${token}`;
      39 |   const newName = `Reconcile New ${token}`;
        at D:\PhoskyWiki-worktrees\spec18-final\tests\e2e\reconcile-links.spec.ts:36:15

    Error Context: test-results\reconcile-links-存量校对保留真实改名前目标、清除代码假链，公开历史与重复报告稳定-chromium\error-context.md

  4) [chromium] › tests\e2e\reconcile-links.spec.ts:107:5 › 校对逐页报告锁冲突和不存在的页面，成功项继续处理，故障解除后可按 id 重试 ─

    Error: expect(received).toBe(expected) // Object.is equality

    Expected: true
    Received: false

      109 |   expect((await request.post("/api/auth/sign-in/email", { data: {
      110 |     email: process.env.SEED_ADMIN_EMAIL, password: process.env.SEED_ADMIN_PASSWORD,
    > 111 |   } })).ok()).toBe(true);
          |               ^
      112 |   const locked = await submit(request, { kind: "new_term", title: `Locked Reconcile ${randomUUID()}` });
      113 |   const available = await submit(request, { kind: "new_term", title: `Available Reconcile ${randomUUID()}` });
      114 |   const original = await history(request, locked.pageId);
        at D:\PhoskyWiki-worktrees\spec18-final\tests\e2e\reconcile-links.spec.ts:111:15

    Error Context: test-results\reconcile-links-校对逐页报告锁冲突和不存在的页面，成功项继续处理，故障解除后可按-id-重试-chromium\error-context.md

  4 failed
    [chromium] › tests\e2e\graph-cache.spec.ts:12:7 › site 浏览器缓存不能保留删除或恢复前的图谱 ──────────────────────
    [chromium] › tests\e2e\graph-cache.spec.ts:12:7 › local 浏览器缓存不能保留删除或恢复前的图谱 ─────────────────────
    [chromium] › tests\e2e\reconcile-links.spec.ts:32:5 › 存量校对保留真实改名前目标、清除代码假链，公开历史与重复报告稳定 ─────────
    [chromium] › tests\e2e\reconcile-links.spec.ts:107:5 › 校对逐页报告锁冲突和不存在的页面，成功项继续处理，故障解除后可按 id 重试 ──
  3 passed (12.9s)
